[27Jun2026 22:17:13.855] [main/DEBUG] [net.minecraftforge.fml.loading.moddiscovery.ModFileParser/LOADING]: Considering mod file candidate C:\Users\Dad\Desktop\Games\MultiMC\instances\1.20.1\.minecraft\mods\somegoogly-0.8.0.jar
[27Jun2026 22:17:13.855] [main/DEBUG] [net.minecraftforge.fml.loading.moddiscovery.ModFileInfo/LOADING]: Found valid mod file somegoogly-0.8.0.jar with {somegoogly} mods - versions {0.8.0}
[27Jun2026 22:17:13.988] [main/DEBUG] [net.minecraftforge.fml.loading.moddiscovery.AbstractJarFileDependencyLocator/]: Failed to load resource META-INF\jarjar\metadata.json from somegoogly-0.8.0.jar, it does not contain dependency information.
[27Jun2026 22:17:14.057] [main/DEBUG] [net.minecraftforge.fml.loading.moddiscovery.ModFileParser/LOADING]: Considering mod file candidate C:\Users\Dad\Desktop\Games\MultiMC\instances\1.20.1\.minecraft\mods\somegoogly-0.8.0.jar
[27Jun2026 22:17:14.057] [main/DEBUG] [net.minecraftforge.fml.loading.moddiscovery.ModFileInfo/LOADING]: Found valid mod file somegoogly-0.8.0.jar with {somegoogly} mods - versions {0.8.0}
[27Jun2026 22:17:14.057] [main/DEBUG] [net.minecraftforge.fml.loading.moddiscovery.ModFile/LOADING]: Loading mod file C:\Users\Dad\Desktop\Games\MultiMC\instances\1.20.1\.minecraft\mods\somegoogly-0.8.0.jar with languages [LanguageSpec[languageName=javafml, acceptedVersions=[47,)]]
[27Jun2026 22:17:14.912] [main/DEBUG] [mixin/]: Adding mixin platform agents for container SecureJarResource(somegoogly)
[27Jun2026 22:17:14.912] [main/DEBUG] [mixin/]: Instancing new MixinPlatformAgentMinecraftForge for SecureJarResource(somegoogly)
[27Jun2026 22:17:14.912] [main/DEBUG] [mixin/]: MixinPlatformAgentMinecraftForge rejected container SecureJarResource(somegoogly)
[27Jun2026 22:17:14.913] [main/DEBUG] [mixin/]: Instancing new MixinPlatformAgentDefault for SecureJarResource(somegoogly)
[27Jun2026 22:17:14.913] [main/DEBUG] [mixin/]: MixinPlatformAgentDefault accepted container SecureJarResource(somegoogly)
[27Jun2026 22:17:14.913] [main/DEBUG] [mixin/]: Processing prepare() for PlatformAgent[MixinPlatformAgentDefault:SecureJarResource(somegoogly)]
[27Jun2026 22:17:14.917] [main/DEBUG] [mixin/]: Processing inject() for PlatformAgent[MixinPlatformAgentDefault:SecureJarResource(somegoogly)]
	- somegoogly 0.8.0
[27Jun2026 22:17:19.917] [Render thread/DEBUG] [net.minecraftforge.fml.javafmlmod.FMLModContainer/LOADING]: Creating FMLModContainer instance for com.github.crittscott.somegoogly.SomeGoogly
[27Jun2026 22:17:20.205] [modloading-worker-0/DEBUG] [net.minecraftforge.fml.config.ConfigTracker/CONFIG]: Config file somegoogly-client.toml for somegoogly tracking
[27Jun2026 22:17:20.244] [modloading-worker-0/DEBUG] [net.minecraftforge.fml.config.ConfigTracker/CONFIG]: Config file somegoogly-server.toml for somegoogly tracking
[27Jun2026 22:17:20.286] [modloading-worker-0/DEBUG] [net.minecraftforge.fml.javafmlmod.AutomaticEventSubscriber/LOADING]: Attempting to inject @EventBusSubscriber classes into the eventbus for somegoogly
[27Jun2026 22:17:23.110] [Render thread/DEBUG] [net.minecraftforge.client.loading.ClientModLoader/CORE]: Generating PackInfo named mod:somegoogly for mod file C:\Users\Dad\Desktop\Games\MultiMC\instances\1.20.1\.minecraft\mods\somegoogly-0.8.0.jar
[27Jun2026 22:17:23.591] [modloading-worker-0/DEBUG] [net.minecraftforge.fml.config.ConfigFileTypeHandler/CONFIG]: Built TOML config for C:\Users\Dad\Desktop\Games\MultiMC\instances\1.20.1\.minecraft\config\somegoogly-client.toml
[27Jun2026 22:17:23.592] [modloading-worker-0/DEBUG] [net.minecraftforge.fml.config.ConfigFileTypeHandler/CONFIG]: Loaded TOML config file C:\Users\Dad\Desktop\Games\MultiMC\instances\1.20.1\.minecraft\config\somegoogly-client.toml
[27Jun2026 22:17:23.592] [modloading-worker-0/DEBUG] [net.minecraftforge.fml.config.ConfigFileTypeHandler/CONFIG]: Watching TOML config file C:\Users\Dad\Desktop\Games\MultiMC\instances\1.20.1\.minecraft\config\somegoogly-client.toml for changes
[27Jun2026 22:17:31.590] [Render thread/DEBUG] [net.minecraftforge.server.ServerLifecycleHooks/CORE]: Generating PackInfo named mod:somegoogly for mod file C:\Users\Dad\Desktop\Games\MultiMC\instances\1.20.1\.minecraft\mods\somegoogly-0.8.0.jar
[27Jun2026 22:17:32.674] [Render thread/INFO] [com.github.crittscott.somegoogly.SomeGoogly/]: Loaded 86 selected eye configs from 86 files
[27Jun2026 22:17:33.518] [Server thread/DEBUG] [net.minecraftforge.fml.config.ConfigFileTypeHandler/CONFIG]: Built TOML config for C:\Users\Dad\Desktop\Games\MultiMC\instances\1.20.1\.minecraft\saves\New World\serverconfig\somegoogly-server.toml
[27Jun2026 22:17:33.519] [Server thread/DEBUG] [net.minecraftforge.fml.config.ConfigFileTypeHandler/CONFIG]: Loaded TOML config file C:\Users\Dad\Desktop\Games\MultiMC\instances\1.20.1\.minecraft\saves\New World\serverconfig\somegoogly-server.toml
[27Jun2026 22:17:33.519] [Server thread/DEBUG] [net.minecraftforge.fml.config.ConfigFileTypeHandler/CONFIG]: Watching TOML config file C:\Users\Dad\Desktop\Games\MultiMC\instances\1.20.1\.minecraft\saves\New World\serverconfig\somegoogly-server.toml for changes
[27Jun2026 22:17:35.588] [Netty Local Client IO #0/DEBUG] [net.minecraftforge.network.HandshakeHandler/FMLHANDSHAKE]: Logging into server with mod list [minecraft, kuma_api, immersiveengineering, jade, tinyredstone, geckolib, platforms, jei, visualworkbench, assets, ribbits, kleeslabs, waystones, realisticbees, collective, citadel, alexsmobs, naturescompass, yungsapi, mixinextras, someaqueducts, buildinggadgets2, iceandfire, balm, puzzleslib, justzoom, crafttweaker, mekanism, somestacks, somegoogly, jadeaddons, puzzlesaccessapi, forge, plonk, shetiphiancore, exoticbirds, konkrete, heads, nyfsspiders, blackdiamond]
[27Jun2026 22:17:35.589] [Netty Local Client IO #0/DEBUG] [net.minecraftforge.network.NetworkRegistry/NETREGISTRY]: Channel 'somegoogly:main' : Version test of '3' from server : ACCEPTED
[27Jun2026 22:17:35.591] [Netty Server IO #1/DEBUG] [net.minecraftforge.network.HandshakeHandler/FMLHANDSHAKE]: Received client connection with modlist [minecraft, kuma_api, immersiveengineering, jade, tinyredstone, geckolib, platforms, jei, visualworkbench, assets, ribbits, kleeslabs, waystones, realisticbees, collective, citadel, alexsmobs, naturescompass, yungsapi, mixinextras, someaqueducts, buildinggadgets2, iceandfire, balm, puzzleslib, justzoom, crafttweaker, mekanism, somestacks, somegoogly, jadeaddons, puzzlesaccessapi, forge, plonk, shetiphiancore, exoticbirds, konkrete, heads, nyfsspiders, blackdiamond]
[27Jun2026 22:17:35.592] [Netty Server IO #1/DEBUG] [net.minecraftforge.network.NetworkRegistry/NETREGISTRY]: Channel 'somegoogly:main' : Version test of '3' from client : ACCEPTED
[27Jun2026 22:17:35.869] [Server thread/DEBUG] [net.minecraftforge.network.HandshakeHandler/FMLHANDSHAKE]: Sending ticking packet info 'Config somegoogly-server.toml' to 'fml:handshake' sequence 8
[27Jun2026 22:17:37.311] [Render thread/DEBUG] [mezz.jei.forge.platform.BrewingRecipeMaker/]: Can't handle brewing recipe class: class com.github.crittscott.somegoogly.potion.ModPotions$1
